// Jest Snapshot v1, https://goo.gl/fbAQLP

exports[`Actions should match snapshot 1`] = `
<div
  style={
    Object {
      "display": "flex",
      "justifyContent": "space-between",
    }
  }
>
  <button
    className="MuiButtonBase-root-15 MuiButton-root-1 btn_reset"
    disabled={false}
    onBlur={[Function]}
    onClick={[Function]}
    onFocus={[Function]}
    onKeyDown={[Function]}
    onKeyUp={[Function]}
    onMouseDown={[Function]}
    onMouseLeave={[Function]}
    onMouseUp={[Function]}
    onTouchEnd={[Function]}
    onTouchMove={[Function]}
    onTouchStart={[Function]}
    role="button"
    tabIndex={0}
    type="button"
  >
    <span
      className="MuiButton-label-3"
    >
      Reset
    </span>
    <span
      className="MuiTouchRipple-root-17"
    />
  </button>
  <button
    className="MuiButtonBase-root-15 MuiButton-root-1 MuiButton-raised-8 MuiButton-raisedPrimary-10 btn_ok"
    disabled={false}
    onBlur={[Function]}
    onClick={[Function]}
    onFocus={[Function]}
    onKeyDown={[Function]}
    onKeyUp={[Function]}
    onMouseDown={[Function]}
    onMouseLeave={[Function]}
    onMouseUp={[Function]}
    onTouchEnd={[Function]}
    onTouchMove={[Function]}
    onTouchStart={[Function]}
    role="button"
    tabIndex={0}
    type="button"
  >
    <span
      className="MuiButton-label-3"
    >
      Ok
    </span>
    <span
      className="MuiTouchRipple-root-17"
    />
  </button>
</div>
`;
